// Jest Snapshot v1, https://goo.gl/fbAQLP

exports[`snapshot on load 1`] = `
<footer
  className="footer css-rxnh45"
>
  <section>
    <p>
      No purchases just yet.
    </p>
    <a
      href="/add-item"
      onClick={[Function]}
    >
      Add Item
    </a>
  </section>
</footer>
`;
