// Jest Snapshot v1, https://goo.gl/fbAQLP

exports[`snapshot on load 1`] = `
<section
  className="css-1xpf03y"
>
  must have content
</section>
`;
